
> tubescout-app@0.1.0 build
> next build

Ôû▓ Next.js 16.1.4 (Turbopack)
- Environments: .env.local

  Creating an optimized production build ...
node.exe : 
No linha:1 caractere:1
+ & "C:\Program Files\nodejs/node.exe" "C:\Program 
Files\nodejs/node_mo ...
+ ~~~~~~~~~~~~~~~~~~~~~~~~~~~~~~~~~~~~~~~~~~~~~~~~~
~~~~~~~~~~~~~~~~~~~~
    + CategoryInfo          : NotSpecified: (:Stri 
   ng) [], RemoteException
    + FullyQualifiedErrorId : NativeCommandError
 
> Build error occurred
Error: Turbopack build failed with 2 errors:
./src/app/admin/page.tsx:3:1
Module not found: Can't resolve 
'@/components/ui/card'
[0m [90m 1 |[39m [36mimport[39m { 
createClient } [36mfrom[39m 
[32m"@/lib/supabase/server"[39m
 [90m 2 |[39m [36mimport[39m { redirect } 
[36mfrom[39m [32m"next/navigation"[39m
[31m[1m>[22m[39m[90m 3 |[39m 
[36mimport[39m { [33mCard[39m[33m,[39m 
[33mCardContent[39m[33m,[39m 
[33mCardHeader[39m[33m,[39m 
[33mCardTitle[39m } [36mfrom[39m 
[32m"@/components/ui/card"[39m
 [90m   |[39m [31m[1m^[22m[39m[31m[1m^[22m
[39m[31m[1m^[22m[39m[31m[1m^[22m[39m[31m
[1m^[22m[39m[31m[1m^[22m[39m[31m[1m^[22m[
39m[31m[1m^[22m[39m[31m[1m^[22m[39m[31m[1
m^[22m[39m[31m[1m^[22m[39m[31m[1m^[22m[39
m[31m[1m^[22m[39m[31m[1m^[22m[39m[31m[1m^
[22m[39m[31m[1m^[22m[39m[31m[1m^[22m[39m
[31m[1m^[22m[39m[31m[1m^[22m[39m[31m[1m^[
22m[39m[31m[1m^[22m[39m[31m[1m^[22m[39m[3
1m[1m^[22m[39m[31m[1m^[22m[39m[31m[1m^[22
m[39m[31m[1m^[22m[39m[31m[1m^[22m[39m[31m
[1m^[22m[39m[31m[1m^[22m[39m[31m[1m^[22m
[39m[31m[1m^[22m[39m[31m[1m^[22m[39m[31m[
1m^[22m[39m[31m[1m^[22m[39m[31m[1m^[22m[3
9m[31m[1m^[22m[39m[31m[1m^[22m[39m[31m[1m
^[22m[39m[31m[1m^[22m[39m[31m[1m^[22m[39m
[31m[1m^[22m[39m[31m[1m^[22m[39m[31m[1m^
[22m[39m[31m[1m^[22m[39m[31m[1m^[22m[39m[
31m[1m^[22m[39m[31m[1m^[22m[39m[31m[1m^[2
2m[39m[31m[1m^[22m[39m[31m[1m^[22m[39m[31
m[1m^[22m[39m[31m[1m^[22m[39m[31m[1m^[22m
[39m[31m[1m^[22m[39m[31m[1m^[22m[39m[31m
[1m^[22m[39m[31m[1m^[22m[39m[31m[1m^[22m[
39m[31m[1m^[22m[39m[31m[1m^[22m[39m[31m[1
m^[22m[39m[31m[1m^[22m[39m[31m[1m^[22m[39
m[31m[1m^[22m[39m[31m[1m^[22m[39m[31m[1m^
[22m[39m[31m[1m^[22m[39m[31m[1m^[22m[39m
[31m[1m^[22m[39m[31m[1m^[22m[39m[31m[1m^[
22m[39m[31m[1m^[22m[39m[31m[1m^[22m[39m[3
1m[1m^[22m[39m[31m[1m^[22m[39m[31m[1m^[22
m[39m[31m[1m^[22m[39m[31m[1m^[22m[39m[31m
[1m^[22m[39m
 [90m 4 |[39m [36mimport[39m { 
[33mUsers[39m[33m,[39m 
[33mSearch[39m[33m,[39m 
[33mDollarSign[39m[33m,[39m [33mActivity[39m 
} [36mfrom[39m [32m"lucide-react"[39m
 [90m 5 |[39m
 [90m 6 |[39m [36mexport[39m [36mconst[39m 
dynamic [33m=[39m [32m'force-dynamic'[39m[0m

Import map: aliased to relative 
'./src/components/ui/card' inside of [project]/


https://nextjs.org/docs/messages/module-not-found


./src/lib/stripe/server.ts:1:1
Module not found: Can't resolve 'stripe'
[0m[31m[1m>[22m[39m[90m 1 |[39m 
[36mimport[39m [33mStripe[39m [36mfrom[39m 
[32m"stripe"[39m
 [90m   |[39m [31m[1m^[22m[39m[31m[1m^[22m
[39m[31m[1m^[22m[39m[31m[1m^[22m[39m[31m
[1m^[22m[39m[31m[1m^[22m[39m[31m[1m^[22m[
39m[31m[1m^[22m[39m[31m[1m^[22m[39m[31m[1
m^[22m[39m[31m[1m^[22m[39m[31m[1m^[22m[39
m[31m[1m^[22m[39m[31m[1m^[22m[39m[31m[1m^
[22m[39m[31m[1m^[22m[39m[31m[1m^[22m[39m
[31m[1m^[22m[39m[31m[1m^[22m[39m[31m[1m^[
22m[39m[31m[1m^[22m[39m[31m[1m^[22m[39m[3
1m[1m^[22m[39m[31m[1m^[22m[39m[31m[1m^[22
m[39m[31m[1m^[22m[39m[31m[1m^[22m[39m
 [90m 2 |[39m [36mimport[39m { 
[33mSTRIPE_CONFIG[39m } [36mfrom[39m 
[32m"./config"[39m
 [90m 3 |[39m
 [90m 4 |[39m [90m// Singleton Pattern for 
Stripe Client[39m[0m



Import trace:
  App Route:
    ./src/lib/stripe/server.ts
    ./src/app/api/stripe/checkout/route.ts

https://nextjs.org/docs/messages/module-not-found


    at <unknown> (./src/app/admin/page.tsx:3:1)
    at <unknown> 
(https://nextjs.org/docs/messages/module-not-found)
    at <unknown> (./src/lib/stripe/server.ts:1:1)
    at <unknown> 
(https://nextjs.org/docs/messages/module-not-found)
